// Jest Snapshot v1, https://goo.gl/fbAQLP

exports[`renders correctly 1`] = `
<div
  className="row"
>
  <h1>
    Soy una muvi
  </h1>
</div>
`;
