// Jest Snapshot v1, https://goo.gl/fbAQLP

exports[`renders correctly 1`] = `
<div
  className="row"
  style={
    Object {
      "marginBottom": "1rem",
    }
  }
>
  <div
    className="col col-sm-10"
  >
    <input
      className="form-control"
      name="searchTerm"
      onChange={[Function]}
      placeholder="Título de película..."
      type="text"
    />
  </div>
  <div
    className="col col-sm-2"
  >
    <button
      className="btn btn-primary"
      onClick={[Function]}
      type="button"
    >
       Search 
    </button>
  </div>
</div>
`;
