// Jest Snapshot v1, https://goo.gl/fbAQLP

exports[`renders correctly 1`] = `
<div
  className="row"
>
  <div
    className="jumbotron"
  >
    <h1
      className="display-3"
    >
      dondeveo.es
    </h1>
    <p
      className="lead opacity-75"
    >
      Busca aqu√≠ donde puedes ver la peli que te apetezca
    </p>
  </div>
</div>
`;
